// Jest Snapshot v1, https://goo.gl/fbAQLP

exports[`<SearchBar /> renders the component 1`] = `
<div
  class="MuiPaper-root MuiPaper-elevation1 _class-root-1 MuiPaper-rounded"
>
  <div
    class="_class-searchContainer-8"
  >
    <div
      class="MuiInputBase-root MuiInput-root _class-input-7 MuiInputBase-fullWidth MuiInput-fullWidth"
    >
      <input
        class="MuiInputBase-input MuiInput-input"
        placeholder="Search Case"
        type="text"
        value=""
      />
    </div>
  </div>
  <button
    class="MuiButtonBase-root MuiIconButton-root _class-iconButton-2 _class-searchIconButton-5"
    tabindex="0"
    type="button"
  >
    <span
      class="MuiIconButton-label"
    >
      <svg
        aria-hidden="true"
        class="MuiSvgIcon-root _class-icon-6"
        focusable="false"
        role="presentation"
        style="color: rgb(33, 33, 33);"
        viewBox="0 0 24 24"
      >
        <path
          d="M15.5 14h-.79l-.28-.27C15.41 12.59 16 11.11 16 9.5 16 5.91 13.09 3 9.5 3S3 5.91 3 9.5 5.91 16 9.5 16c1.61 0 3.09-.59 4.23-1.57l.27.28v.79l5 4.99L20.49 19l-4.99-5zm-6 0C7.01 14 5 11.99 5 9.5S7.01 5 9.5 5 14 7.01 14 9.5 11.99 14 9.5 14z"
        />
      </svg>
    </span>
    <span
      class="MuiTouchRipple-root"
    />
  </button>
  <button
    class="MuiButtonBase-root MuiIconButton-root _class-iconButton-2 _class-iconButtonHidden-3"
    tabindex="0"
    type="button"
  >
    <span
      class="MuiIconButton-label"
    >
      <svg
        aria-hidden="true"
        class="MuiSvgIcon-root _class-icon-6"
        focusable="false"
        role="presentation"
        style="color: rgb(33, 33, 33);"
        viewBox="0 0 24 24"
      >
        <path
          d="M19 6.41L17.59 5 12 10.59 6.41 5 5 6.41 10.59 12 5 17.59 6.41 19 12 13.41 17.59 19 19 17.59 13.41 12z"
        />
      </svg>
    </span>
    <span
      class="MuiTouchRipple-root"
    />
  </button>
</div>
`;
